Build output is being logged to build_android_20250404_025142.log
Building LiveKit WebRTC - Android
Arch: arm64
Profile: release
auth(254) _get_luci_auth_token:git-credential-luci failed: Command 'git-credential-luci get' returned non-zero exit status 1
not running with a service account and not logged in

If you are running this in a development environment, you can log in by running:

git credential-luci login

​

auth(254) _get_luci_auth_token:git-credential-luci failed: Command 'git-credential-luci get' returned non-zero exit status 1
not running with a service account and not logged in

If you are running this in a development environment, you can log in by running:

git credential-luci login

​

auth(254) _get_luci_auth_token:git-credential-luci failed: Command 'git-credential-luci get' returned non-zero exit status 1
not running with a service account and not logged in

If you are running this in a development environment, you can log in by running:

git credential-luci login

​

auth(254) _get_luci_auth_token:git-credential-luci failed: Command 'git-credential-luci get' returned non-zero exit status 1
not running with a service account and not logged in

If you are running this in a development environment, you can log in by running:

git credential-luci login

​

auth(254) _get_luci_auth_token:git-credential-luci failed: Command 'git-credential-luci get' returned non-zero exit status 1
not running with a service account and not logged in

If you are running this in a development environment, you can log in by running:

git credential-luci login

​

auth(254) _get_luci_auth_token:git-credential-luci failed: Command 'git-credential-luci get' returned non-zero exit status 1
not running with a service account and not logged in

If you are running this in a development environment, you can log in by running:

git credential-luci login

​

auth(254) _get_luci_auth_token:git-credential-luci failed: Command 'git-credential-luci get' returned non-zero exit status 1
not running with a service account and not logged in

If you are running this in a development environment, you can log in by running:

git credential-luci login

​

auth(254) _get_luci_auth_token:git-credential-luci failed: Command 'git-credential-luci get' returned non-zero exit status 1
not running with a service account and not logged in

If you are running this in a development environment, you can log in by running:

git credential-luci login

​

[0:01:13] Still working on:
[0:01:13]   src/third_party
[0:01:16] Still working on:
[0:01:16]   src/third_party
auth(254) _get_luci_auth_token:git-credential-luci failed: Command 'git-credential-luci get' returned non-zero exit status 1
not running with a service account and not logged in

If you are running this in a development environment, you can log in by running:

git credential-luci login

​

auth(254) _get_luci_auth_token:git-credential-luci failed: Command 'git-credential-luci get' returned non-zero exit status 1
not running with a service account and not logged in

If you are running this in a development environment, you can log in by running:

git credential-luci login

​

auth(254) _get_luci_auth_token:git-credential-luci failed: Command 'git-credential-luci get' returned non-zero exit status 1
not running with a service account and not logged in

If you are running this in a development environment, you can log in by running:

git credential-luci login

​

auth(254) _get_luci_auth_token:git-credential-luci failed: Command 'git-credential-luci get' returned non-zero exit status 1
not running with a service account and not logged in

If you are running this in a development environment, you can log in by running:

git credential-luci login

​

auth(254) _get_luci_auth_token:git-credential-luci failed: Command 'git-credential-luci get' returned non-zero exit status 1
not running with a service account and not logged in

If you are running this in a development environment, you can log in by running:

git credential-luci login

​

auth(254) _get_luci_auth_token:git-credential-luci failed: Command 'git-credential-luci get' returned non-zero exit status 1
not running with a service account and not logged in

If you are running this in a development environment, you can log in by running:

git credential-luci login

​

auth(254) _get_luci_auth_token:git-credential-luci failed: Command 'git-credential-luci get' returned non-zero exit status 1
not running with a service account and not logged in

If you are running this in a development environment, you can log in by running:

git credential-luci login

​

auth(254) _get_luci_auth_token:git-credential-luci failed: Command 'git-credential-luci get' returned non-zero exit status 1
not running with a service account and not logged in

If you are running this in a development environment, you can log in by running:

git credential-luci login

​

auth(254) _get_luci_auth_token:git-credential-luci failed: Command 'git-credential-luci get' returned non-zero exit status 1
not running with a service account and not logged in

If you are running this in a development environment, you can log in by running:

git credential-luci login

​

auth(254) _get_luci_auth_token:git-credential-luci failed: Command 'git-credential-luci get' returned non-zero exit status 1
not running with a service account and not logged in

If you are running this in a development environment, you can log in by running:

git credential-luci login

​

auth(254) _get_luci_auth_token:git-credential-luci failed: Command 'git-credential-luci get' returned non-zero exit status 1
not running with a service account and not logged in

If you are running this in a development environment, you can log in by running:

git credential-luci login

​

auth(254) _get_luci_auth_token:git-credential-luci failed: Command 'git-credential-luci get' returned non-zero exit status 1
not running with a service account and not logged in

If you are running this in a development environment, you can log in by running:

git credential-luci login

​

auth(254) _get_luci_auth_token:git-credential-luci failed: Command 'git-credential-luci get' returned non-zero exit status 1
not running with a service account and not logged in

If you are running this in a development environment, you can log in by running:

git credential-luci login

​

auth(254) _get_luci_auth_token:git-credential-luci failed: Command 'git-credential-luci get' returned non-zero exit status 1
not running with a service account and not logged in

If you are running this in a development environment, you can log in by running:

git credential-luci login

​

auth(254) _get_luci_auth_token:git-credential-luci failed: Command 'git-credential-luci get' returned non-zero exit status 1
not running with a service account and not logged in

If you are running this in a development environment, you can log in by running:

git credential-luci login

​

auth(254) _get_luci_auth_token:git-credential-luci failed: Command 'git-credential-luci get' returned non-zero exit status 1
not running with a service account and not logged in

If you are running this in a development environment, you can log in by running:

git credential-luci login

​

auth(254) _get_luci_auth_token:git-credential-luci failed: Command 'git-credential-luci get' returned non-zero exit status 1
not running with a service account and not logged in

If you are running this in a development environment, you can log in by running:

git credential-luci login

​

auth(254) _get_luci_auth_token:git-credential-luci failed: Command 'git-credential-luci get' returned non-zero exit status 1
not running with a service account and not logged in

If you are running this in a development environment, you can log in by running:

git credential-luci login

​

auth(254) _get_luci_auth_token:git-credential-luci failed: Command 'git-credential-luci get' returned non-zero exit status 1
not running with a service account and not logged in

If you are running this in a development environment, you can log in by running:

git credential-luci login

​

auth(254) _get_luci_auth_token:git-credential-luci failed: Command 'git-credential-luci get' returned non-zero exit status 1
not running with a service account and not logged in

If you are running this in a development environment, you can log in by running:

git credential-luci login

​

auth(254) _get_luci_auth_token:git-credential-luci failed: Command 'git-credential-luci get' returned non-zero exit status 1
not running with a service account and not logged in

If you are running this in a development environment, you can log in by running:

git credential-luci login

​

auth(254) _get_luci_auth_token:git-credential-luci failed: Command 'git-credential-luci get' returned non-zero exit status 1
not running with a service account and not logged in

If you are running this in a development environment, you can log in by running:

git credential-luci login

​

auth(254) _get_luci_auth_token:git-credential-luci failed: Command 'git-credential-luci get' returned non-zero exit status 1
not running with a service account and not logged in

If you are running this in a development environment, you can log in by running:

git credential-luci login

​

auth(254) _get_luci_auth_token:git-credential-luci failed: Command 'git-credential-luci get' returned non-zero exit status 1
not running with a service account and not logged in

If you are running this in a development environment, you can log in by running:

git credential-luci login

​

auth(254) _get_luci_auth_token:git-credential-luci failed: Command 'git-credential-luci get' returned non-zero exit status 1
not running with a service account and not logged in

If you are running this in a development environment, you can log in by running:

git credential-luci login

​

auth(254) _get_luci_auth_token:git-credential-luci failed: Command 'git-credential-luci get' returned non-zero exit status 1
not running with a service account and not logged in

If you are running this in a development environment, you can log in by running:

git credential-luci login

​

auth(254) _get_luci_auth_token:git-credential-luci failed: Command 'git-credential-luci get' returned non-zero exit status 1
not running with a service account and not logged in

If you are running this in a development environment, you can log in by running:

git credential-luci login

​

auth(254) _get_luci_auth_token:git-credential-luci failed: Command 'git-credential-luci get' returned non-zero exit status 1
not running with a service account and not logged in

If you are running this in a development environment, you can log in by running:

git credential-luci login

​

auth(254) _get_luci_auth_token:git-credential-luci failed: Command 'git-credential-luci get' returned non-zero exit status 1
not running with a service account and not logged in

If you are running this in a development environment, you can log in by running:

git credential-luci login

​

auth(254) _get_luci_auth_token:git-credential-luci failed: Command 'git-credential-luci get' returned non-zero exit status 1
not running with a service account and not logged in

If you are running this in a development environment, you can log in by running:

git credential-luci login

​

auth(254) _get_luci_auth_token:git-credential-luci failed: Command 'git-credential-luci get' returned non-zero exit status 1
not running with a service account and not logged in

If you are running this in a development environment, you can log in by running:

git credential-luci login

​

auth(254) _get_luci_auth_token:git-credential-luci failed: Command 'git-credential-luci get' returned non-zero exit status 1
not running with a service account and not logged in

If you are running this in a development environment, you can log in by running:

git credential-luci login

​

auth(254) _get_luci_auth_token:git-credential-luci failed: Command 'git-credential-luci get' returned non-zero exit status 1
not running with a service account and not logged in

If you are running this in a development environment, you can log in by running:

git credential-luci login

​

auth(254) _get_luci_auth_token:git-credential-luci failed: Command 'git-credential-luci get' returned non-zero exit status 1
not running with a service account and not logged in

If you are running this in a development environment, you can log in by running:

git credential-luci login

​

auth(254) _get_luci_auth_token:git-credential-luci failed: Command 'git-credential-luci get' returned non-zero exit status 1
not running with a service account and not logged in

If you are running this in a development environment, you can log in by running:

git credential-luci login

​

auth(254) _get_luci_auth_token:git-credential-luci failed: Command 'git-credential-luci get' returned non-zero exit status 1
not running with a service account and not logged in

If you are running this in a development environment, you can log in by running:

git credential-luci login

​

auth(254) _get_luci_auth_token:git-credential-luci failed: Command 'git-credential-luci get' returned non-zero exit status 1
not running with a service account and not logged in

If you are running this in a development environment, you can log in by running:

git credential-luci login

​

auth(254) _get_luci_auth_token:git-credential-luci failed: Command 'git-credential-luci get' returned non-zero exit status 1
not running with a service account and not logged in

If you are running this in a development environment, you can log in by running:

git credential-luci login

​

auth(254) _get_luci_auth_token:git-credential-luci failed: Command 'git-credential-luci get' returned non-zero exit status 1
not running with a service account and not logged in

If you are running this in a development environment, you can log in by running:

git credential-luci login

​

auth(254) _get_luci_auth_token:git-credential-luci failed: Command 'git-credential-luci get' returned non-zero exit status 1
not running with a service account and not logged in

If you are running this in a development environment, you can log in by running:

git credential-luci login

​

auth(254) _get_luci_auth_token:git-credential-luci failed: Command 'git-credential-luci get' returned non-zero exit status 1
not running with a service account and not logged in

If you are running this in a development environment, you can log in by running:

git credential-luci login

​

________ running 'python3 src/build/landmines.py --landmine-scripts src/tools_webrtc/get_landmines.py --src-dir src' in '/home/ubuntu/livekit/client-sdk-unity/client-sdk-rust~/webrtc-sys/libwebrtc'
________ running 'python3 src/third_party/depot_tools/update_depot_tools_toggle.py --disable' in '/home/ubuntu/livekit/client-sdk-unity/client-sdk-rust~/webrtc-sys/libwebrtc'
________ running 'python3 src/tools/clang/scripts/update.py' in '/home/ubuntu/livekit/client-sdk-unity/client-sdk-rust~/webrtc-sys/libwebrtc'
Downloading https://commondatastorage.googleapis.com/chromium-browser-clang/Linux_x64/clang-llvmorg-19-init-8091-gab037c4f-1.tar.xz .......... Done.
________ running 'python3 src/build/util/lastchange.py -o src/build/util/LASTCHANGE' in '/home/ubuntu/livekit/client-sdk-unity/client-sdk-rust~/webrtc-sys/libwebrtc'
ERROR:root:Failed to get version info: Git command 'git log -1 --format=%H %ct --grep=^Change-Id: HEAD' in /home/ubuntu/livekit/client-sdk-unity/client-sdk-rust~/webrtc-sys/libwebrtc/src/build failed: rc=0, stdout='' stderr=''
WARNING:root:Falling back to a version of 0.0.0 to allow script to finish. This is normal if you are bootstrapping a new environment or do not have a git repository for any other reason. If not, this could represent a serious error.
________ running 'python3 src/third_party/depot_tools/download_from_google_storage.py --no_resume --platform=linux* --no_auth --bucket chromium-clang-format -s src/buildtools/linux64/clang-format.sha1' in '/home/ubuntu/livekit/client-sdk-unity/client-sdk-rust~/webrtc-sys/libwebrtc'
0> Downloading src/buildtools/linux64/clang-format@b42097ca924d1f1736a5a7806068fed9d7345eb4...
Downloading 1 files took 3.682200 second(s)
________ running 'download_from_google_storage --no_resume --extract --no_auth --bucket chromium-fonts -s src/third_party/test_fonts/test_fonts.tar.gz.sha1' in '/home/ubuntu/livekit/client-sdk-unity/client-sdk-rust~/webrtc-sys/libwebrtc'
--no_auth is deprecated, this flag has no effect.
0> Downloading src/third_party/test_fonts/test_fonts.tar.gz@336e775eec536b2d785cc80eff6ac39051931286...
0> Extracting 33 entries from src/third_party/test_fonts/test_fonts.tar.gz to src/third_party/test_fonts/test_fonts
Downloading 1 files took 4.438067 second(s)
________ running 'download_from_google_storage --directory --recursive --num_threads=10 --no_auth --quiet --bucket chromium-webrtc-resources src/resources' in '/home/ubuntu/livekit/client-sdk-unity/client-sdk-rust~/webrtc-sys/libwebrtc'
--no_auth is deprecated, this flag has no effect.
Hook 'download_from_google_storage --directory --recursive --num_threads=10 --no_auth --quiet --bucket chromium-webrtc-resources src/resources' took 100.29 secs
________ running 'vpython3 src/testing/generate_location_tags.py --out src/testing/location_tags.json' in '/home/ubuntu/livekit/client-sdk-unity/client-sdk-rust~/webrtc-sys/libwebrtc'
________ running 'vpython3 -vpython-spec src/.vpython3 -vpython-tool install' in '/home/ubuntu/livekit/client-sdk-unity/client-sdk-rust~/webrtc-sys/libwebrtc'
Checking patch rtc_base/boringssl_certificate.cc...
Hunk #1 succeeded at 255 (offset 2 lines).
Checking patch rtc_base/boringssl_certificate.h...
Hunk #1 succeeded at 34 (offset 1 line).
Hunk #2 succeeded at 76 (offset 1 line).
Checking patch rtc_base/openssl_adapter.cc...
Hunk #1 succeeded at 857 (offset 35 lines).
Hunk #2 succeeded at 929 (offset 35 lines).
Checking patch rtc_base/openssl_stream_adapter.cc...
Hunk #1 succeeded at 1128 (offset -26 lines).
Applied patch rtc_base/boringssl_certificate.cc cleanly.
Applied patch rtc_base/boringssl_certificate.h cleanly.
Applied patch rtc_base/openssl_adapter.cc cleanly.
Applied patch rtc_base/openssl_stream_adapter.cc cleanly.
Checking patch BUILD.gn...
Hunk #2 succeeded at 301 (offset 6 lines).
Hunk #3 succeeded at 539 (offset 15 lines).
Applied patch BUILD.gn cleanly.
Building libwebrtc
gn.py: Could not find gn executable at: ['/home/ubuntu/livekit/client-sdk-unity/client-sdk-rust~/webrtc-sys/libwebrtc/src/buildtools/linux64/gn/gn', '/home/ubuntu/livekit/client-sdk-unity/client-sdk-rust~/webrtc-sys/libwebrtc/src/buildtools/linux64/gn']
ninja: Entering directory `/home/ubuntu/livekit/client-sdk-unity/client-sdk-rust~/webrtc-sys/libwebrtc/src/out-arm64-release'
ninja: fatal: chdir to '/home/ubuntu/livekit/client-sdk-unity/client-sdk-rust~/webrtc-sys/libwebrtc/src/out-arm64-release' - No such file or directory
find: ‘/home/ubuntu/livekit/client-sdk-unity/client-sdk-rust~/webrtc-sys/libwebrtc/src/out-arm64-release/obj’: No such file or directory
gn.py: Could not find gn executable at: /home/ubuntu/livekit/client-sdk-unity/client-sdk-rust~/webrtc-sys/libwebrtc/src/buildtools/linux64/gn
Traceback (most recent call last):
  File "/home/ubuntu/livekit/client-sdk-unity/client-sdk-rust~/webrtc-sys/libwebrtc/./src/tools_webrtc/libs/generate_licenses.py", line 273, in <module>
    sys.exit(main())
  File "/home/ubuntu/livekit/client-sdk-unity/client-sdk-rust~/webrtc-sys/libwebrtc/./src/tools_webrtc/libs/generate_licenses.py", line 269, in main
    builder.generate_license_text(args.output_dir)
  File "/home/ubuntu/livekit/client-sdk-unity/client-sdk-rust~/webrtc-sys/libwebrtc/./src/tools_webrtc/libs/generate_licenses.py", line 207, in generate_license_text
    third_party_libs |= self._get_third_party_libraries(
  File "/home/ubuntu/livekit/client-sdk-unity/client-sdk-rust~/webrtc-sys/libwebrtc/./src/tools_webrtc/libs/generate_licenses.py", line 193, in _get_third_party_libraries
    output = json.loads(LicenseBuilder._run_gn(buildfile_dir, target))
  File "/home/ubuntu/livekit/client-sdk-unity/client-sdk-rust~/webrtc-sys/libwebrtc/./src/tools_webrtc/libs/generate_licenses.py", line 187, in _run_gn
    output_json = subprocess.check_output(cmd,
  File "/usr/lib/python3.10/subprocess.py", line 421, in check_output
    return run(*popenargs, stdout=PIPE, timeout=timeout, check=True,
  File "/usr/lib/python3.10/subprocess.py", line 526, in run
    raise CalledProcessError(retcode, process.args,
subprocess.CalledProcessError: Command '['/usr/bin/python3', '/home/ubuntu/livekit/client-sdk-unity/client-sdk-rust~/webrtc-sys/libwebrtc/src/third_party/depot_tools/gn.py', 'desc', '--all', '--format=json', '/home/ubuntu/livekit/client-sdk-unity/client-sdk-rust~/webrtc-sys/libwebrtc/src/out-arm64-release', ':default']' returned non-zero exit status 2.
cp: cannot stat '/home/ubuntu/livekit/client-sdk-unity/client-sdk-rust~/webrtc-sys/libwebrtc/src/out-arm64-release/obj/webrtc.ninja': No such file or directory
cp: cannot stat '/home/ubuntu/livekit/client-sdk-unity/client-sdk-rust~/webrtc-sys/libwebrtc/src/out-arm64-release/libjingle_peerconnection_so.so': No such file or directory
cp: cannot stat '/home/ubuntu/livekit/client-sdk-unity/client-sdk-rust~/webrtc-sys/libwebrtc/src/out-arm64-release/args.gn': No such file or directory
cp: cannot stat '/home/ubuntu/livekit/client-sdk-unity/client-sdk-rust~/webrtc-sys/libwebrtc/src/out-arm64-release/LICENSE.md': No such file or directory
cp: cannot stat '/home/ubuntu/livekit/client-sdk-unity/client-sdk-rust~/webrtc-sys/libwebrtc/src/out-arm64-release/lib.java/sdk/android/libwebrtc.jar': No such file or directory
421365 blocks
Build completed. Log file: build_android_20250404_025142.log
