Starting namespace relocation process at 2025-04-04 01:24:12
Step 0: Creating copy of source directory...
Copying /home/ubuntu/livekit/client-sdk-unity/client-sdk-rust~/webrtc-sys/libwebrtc/src to /home/ubuntu/livekit/client-sdk-unity/client-sdk-rust~/webrtc-sys/libwebrtc/src-shaded...
Successfully created shaded directory. Proceeding with namespace relocation...
Saved working directory and index state WIP on (no branch): 7ec4c03 fix typo in framecryptor. (#167)
./rename_refs.sh: line 58: /home/ubuntu/livekit/client-sdk-unity/client-sdk-rust~/webrtc-sys/libwebrtc/patches/add_jsoncpp.patch: No such file or directory
Starting namespace relocation process at 2025-04-04 01:27:44
Step 0: Creating copy of source directory...
Copying /home/ubuntu/livekit/client-sdk-unity/client-sdk-rust~/webrtc-sys/libwebrtc/src to /home/ubuntu/livekit/client-sdk-unity/client-sdk-rust~/webrtc-sys/libwebrtc/src-shaded...
Successfully created shaded directory. Proceeding with namespace relocation...
mv: cannot stat '/home/ubuntu/livekit/client-sdk-unity/client-sdk-rust~/webrtc-sys/libwebrtc/src-shaded/modules/audio_device/android/java/src/org/webrtc': No such file or directory
Starting namespace relocation process at 2025-04-04 01:29:00
Step 0: Creating copy of source directory...
Copying /home/ubuntu/livekit/client-sdk-unity/client-sdk-rust~/webrtc-sys/libwebrtc/src to /home/ubuntu/livekit/client-sdk-unity/client-sdk-rust~/webrtc-sys/libwebrtc/src-shaded...
Successfully created shaded directory. Proceeding with namespace relocation...
Namespace relocation completed at 2025-04-04 01:30:16

SUCCESS: All changes have been made to /home/ubuntu/livekit/client-sdk-unity/client-sdk-rust~/webrtc-sys/libwebrtc/src-shaded
The original source code remains unchanged in /home/ubuntu/livekit/client-sdk-unity/client-sdk-rust~/webrtc-sys/libwebrtc/src

To verify the changes, examine the contents of /home/ubuntu/livekit/client-sdk-unity/client-sdk-rust~/webrtc-sys/libwebrtc/src-shaded
If satisfied with the changes, you can:
1. Backup the original: mv /home/ubuntu/livekit/client-sdk-unity/client-sdk-rust~/webrtc-sys/libwebrtc/src /home/ubuntu/livekit/client-sdk-unity/client-sdk-rust~/webrtc-sys/libwebrtc/src.backup
2. Move the shaded version: mv /home/ubuntu/livekit/client-sdk-unity/client-sdk-rust~/webrtc-sys/libwebrtc/src-shaded /home/ubuntu/livekit/client-sdk-unity/client-sdk-rust~/webrtc-sys/libwebrtc/src
Starting namespace relocation process at 2025-04-04 01:33:20
Step 0: Creating copy of source directory...
Copying /home/ubuntu/livekit/client-sdk-unity/client-sdk-rust~/webrtc-sys/libwebrtc/src to /home/ubuntu/livekit/client-sdk-unity/client-sdk-rust~/webrtc-sys/libwebrtc/src-shaded...
Successfully created shaded directory. Proceeding with namespace relocation...
Processing SDK directory...
Processing RTC Base directory...
Processing Test directory...
Processing all Java files...
Processing C++ files...
Checking for any remaining references...
Warning: 7 files still contain references to org.webrtc. A manual review may be necessary.
Sample of files with remaining references:
/home/ubuntu/livekit/client-sdk-unity/client-sdk-rust~/webrtc-sys/libwebrtc/src-shaded/sdk/android/instrumentationtests/src/xyz/webrtc/FileVideoCapturerTest.java
/home/ubuntu/livekit/client-sdk-unity/client-sdk-rust~/webrtc-sys/libwebrtc/src-shaded/modules/video_coding/codecs/test/android_codec_factory_helper.cc
/home/ubuntu/livekit/client-sdk-unity/client-sdk-rust~/webrtc-sys/libwebrtc/src-shaded/modules/utility/source/jvm_android.cc
/home/ubuntu/livekit/client-sdk-unity/client-sdk-rust~/webrtc-sys/libwebrtc/src-shaded/modules/utility/include/jvm_android.h
/home/ubuntu/livekit/client-sdk-unity/client-sdk-rust~/webrtc-sys/libwebrtc/src-shaded/rtc_base/network.h
/home/ubuntu/livekit/client-sdk-unity/client-sdk-rust~/webrtc-sys/libwebrtc/src-shaded/examples/androidnativeapi/BUILD.gn
/home/ubuntu/livekit/client-sdk-unity/client-sdk-rust~/webrtc-sys/libwebrtc/src-shaded/examples/androidvoip/BUILD.gn
Namespace relocation completed at 2025-04-04 01:40:44

SUCCESS: All changes have been made to /home/ubuntu/livekit/client-sdk-unity/client-sdk-rust~/webrtc-sys/libwebrtc/src-shaded
The original source code remains unchanged in /home/ubuntu/livekit/client-sdk-unity/client-sdk-rust~/webrtc-sys/libwebrtc/src

To verify the changes, examine the contents of /home/ubuntu/livekit/client-sdk-unity/client-sdk-rust~/webrtc-sys/libwebrtc/src-shaded
If satisfied with the changes, you can:
1. Backup the original: mv /home/ubuntu/livekit/client-sdk-unity/client-sdk-rust~/webrtc-sys/libwebrtc/src /home/ubuntu/livekit/client-sdk-unity/client-sdk-rust~/webrtc-sys/libwebrtc/src.backup
2. Move the shaded version: mv /home/ubuntu/livekit/client-sdk-unity/client-sdk-rust~/webrtc-sys/libwebrtc/src-shaded /home/ubuntu/livekit/client-sdk-unity/client-sdk-rust~/webrtc-sys/libwebrtc/src
Starting namespace relocation process at 2025-04-04 01:45:59
Step 0: Creating copy of source directory...
Copying /home/ubuntu/livekit/client-sdk-unity/client-sdk-rust~/webrtc-sys/libwebrtc/src to /home/ubuntu/livekit/client-sdk-unity/client-sdk-rust~/webrtc-sys/libwebrtc/src-shaded...
Successfully created shaded directory. Proceeding with namespace relocation...
Processing SDK directory...
Processing RTC Base directory...
Processing Test directory...
Processing Modules directory...
Processing Examples directory...
Processing Java files in examples...
Processing all Java files...
Processing C++ files...
Processing network.h in rtc_base...
Handling additional JNI signature formats...
Fixing FileVideoCapturerTest.java...
Checking for any remaining references...
Warning: 2 files still contain references to org.webrtc. A manual review may be necessary.
Sample of files with remaining references:
/home/ubuntu/livekit/client-sdk-unity/client-sdk-rust~/webrtc-sys/libwebrtc/src-shaded/sdk/android/instrumentationtests/src/xyz/webrtc/FileVideoCapturerTest.java
/home/ubuntu/livekit/client-sdk-unity/client-sdk-rust~/webrtc-sys/libwebrtc/src-shaded/rtc_base/network.h
Namespace relocation completed at 2025-04-04 01:57:21

SUCCESS: All changes have been made to /home/ubuntu/livekit/client-sdk-unity/client-sdk-rust~/webrtc-sys/libwebrtc/src-shaded
The original source code remains unchanged in /home/ubuntu/livekit/client-sdk-unity/client-sdk-rust~/webrtc-sys/libwebrtc/src

To verify the changes, examine the contents of /home/ubuntu/livekit/client-sdk-unity/client-sdk-rust~/webrtc-sys/libwebrtc/src-shaded
If satisfied with the changes, you can:
1. Backup the original: mv /home/ubuntu/livekit/client-sdk-unity/client-sdk-rust~/webrtc-sys/libwebrtc/src /home/ubuntu/livekit/client-sdk-unity/client-sdk-rust~/webrtc-sys/libwebrtc/src.backup
2. Move the shaded version: mv /home/ubuntu/livekit/client-sdk-unity/client-sdk-rust~/webrtc-sys/libwebrtc/src-shaded /home/ubuntu/livekit/client-sdk-unity/client-sdk-rust~/webrtc-sys/libwebrtc/src
